main.cpp:92:5:int main()	32	static
main.cpp:193:6:void SystemClock_Config()	136	static
main.cpp:253:13:void MX_DMA2D_Init()	8	static
main.cpp:290:13:void MX_I2C3_Init()	8	static
main.cpp:336:13:void MX_LTDC_Init()	112	static
main.cpp:417:13:void MX_SPI5_Init()	8	static
main.cpp:455:13:void MX_TIM6_Init()	16	static
main.cpp:493:13:void MX_USART1_UART_Init()	8	static
main.cpp:522:13:void MX_FMC_Init()	40	static
main.cpp:573:13:void MX_GPIO_Init()	40	static
main.cpp:595:6:void Error_Handler()	4	static
