main.cpp:92:5:int main()	24	static
main.cpp:184:6:void SystemClock_Config()	136	static
main.cpp:244:13:void MX_DMA2D_Init()	8	static
main.cpp:281:13:void MX_I2C3_Init()	8	static
main.cpp:327:13:void MX_LTDC_Init()	112	static
main.cpp:408:13:void MX_SPI5_Init()	8	static
main.cpp:446:13:void MX_TIM6_Init()	16	static
main.cpp:484:13:void MX_USART1_UART_Init()	8	static
main.cpp:513:13:void MX_FMC_Init()	40	static
main.cpp:564:13:void MX_GPIO_Init()	40	static
main.cpp:586:6:void Error_Handler()	4	static
