stm32f4xx_hal_msp.c:64:6:HAL_MspInit	16	static
stm32f4xx_hal_msp.c:86:6:HAL_DMA2D_MspInit	24	static
stm32f4xx_hal_msp.c:108:6:HAL_DMA2D_MspDeInit	16	static
stm32f4xx_hal_msp.c:130:6:HAL_I2C_MspInit	48	static
stm32f4xx_hal_msp.c:174:6:HAL_I2C_MspDeInit	16	static
stm32f4xx_hal_msp.c:205:6:HAL_LTDC_MspInit	64	static
stm32f4xx_hal_msp.c:314:6:HAL_LTDC_MspDeInit	16	static
stm32f4xx_hal_msp.c:374:6:HAL_SPI_MspInit	48	static
stm32f4xx_hal_msp.c:411:6:HAL_SPI_MspDeInit	16	static
stm32f4xx_hal_msp.c:441:6:HAL_UART_MspInit	48	static
stm32f4xx_hal_msp.c:477:6:HAL_UART_MspDeInit	16	static
stm32f4xx_hal_msp.c:502:13:HAL_FMC_MspInit	32	static
stm32f4xx_hal_msp.c:608:6:HAL_SDRAM_MspInit	16	static
stm32f4xx_hal_msp.c:620:13:HAL_FMC_MspDeInit	8	static
stm32f4xx_hal_msp.c:694:6:HAL_SDRAM_MspDeInit	16	static
